2025-11-26 06:07:01,658 - Knowledge - INFO - Created shared MongoDB connection pool
2025-11-26 06:07:01,997 - Knowledge - INFO - Starting Knowledge Graph processing with 20 threads
2025-11-26 06:07:02,166 - Knowledge - INFO - Initial configuration: chunk_size=65536, max_cache_size=500
2025-11-26 06:07:02,351 - Knowledge - INFO - Knowledge Graph concurrency configuration: workers=20, max_batch_size=25, max_concurrent_llm_calls=50
2025-11-26 06:07:03,976 - Knowledge - INFO - 🔍 _load_persisted_knowledge called - checking for Redis optimization
2025-11-26 06:07:04,151 - Knowledge - WARNING - ❌ load_from_redis method not found - Redis support not attached
2025-11-26 06:07:04,351 - Knowledge - INFO - load persisted knowledge: begin
2025-11-26 06:07:04,567 - Knowledge - INFO - Loaded 0 files from persisted knowledge
2025-11-26 06:07:04,751 - Knowledge - INFO - load persisted knowledge: end
2025-11-26 06:07:04,913 - Knowledge - WARNING - No persisted knowledge found. Files will be queued during start()
2025-11-26 06:07:05,099 - Knowledge - INFO - Redis support added with prefix knowledge:b43047c:
2025-11-26 06:07:05,285 - Knowledge - INFO - Starting knowledge initialization for ID: JoXy05-b43047c
2025-11-26 06:07:05,477 - Knowledge - INFO - 🔍 Checking Redis for build_id: b43047c
2025-11-26 06:07:05,640 - Knowledge - INFO - 🔍 Full session ID: JoXy05-b43047c
2025-11-26 06:07:05,813 - Knowledge - INFO - 🔍 Redis prefix will be: knowledge:b43047c:
2025-11-26 06:07:05,966 - Knowledge - INFO - 🔍 Using attached load_from_redis() method
2025-11-26 06:07:06,172 - Knowledge - INFO - 🔍 Attempting to load knowledge from Redis...
2025-11-26 06:07:06,364 - Knowledge - INFO - 🔍 Using derived instance_id for Redis lookup: b43047c
2025-11-26 06:07:09,352 - Knowledge - WARNING - ❌ No Redis cache found
2025-11-26 06:07:12,539 - Knowledge - INFO - 📁 Loading knowledge from disk...
2025-11-26 06:07:12,752 - Knowledge - INFO - load persisted docinfo: begin
2025-11-26 06:07:12,954 - Knowledge - INFO - load persisted docinfo: end
2025-11-26 06:07:13,147 - Knowledge - INFO - 🔍 _load_persisted_knowledge called - checking for Redis optimization
2025-11-26 06:07:13,342 - Knowledge - INFO - ✅ load_from_redis method found - attempting Redis load
2025-11-26 06:07:13,539 - Knowledge - INFO - 🔍 Attempting to load knowledge from Redis...
2025-11-26 06:07:13,733 - Knowledge - INFO - 🔍 Using derived instance_id for Redis lookup: b43047c
2025-11-26 06:07:17,043 - Knowledge - WARNING - ❌ No Redis cache found
2025-11-26 06:07:17,265 - Knowledge - INFO - ❌ Redis load returned False - falling back to file loading
2025-11-26 06:07:17,448 - Knowledge - INFO - load persisted knowledge: begin
2025-11-26 06:07:17,622 - Knowledge - INFO - Loaded 0 files from persisted knowledge
2025-11-26 06:07:17,846 - Knowledge - INFO - load persisted knowledge: end
2025-11-26 06:07:18,035 - Knowledge - INFO - 📁 Disk load complete in 5.33s
2025-11-26 06:07:18,205 - Knowledge - INFO - Populating ingest queue with source files...
2025-11-26 06:07:18,421 - Knowledge - INFO - Added 0 files from /app/data/T0015/269742/b43047c/Java-21 to ingest queue
2025-11-26 06:07:18,619 - Knowledge - INFO - Worker kw1 created using shared MongoDB connection pool
2025-11-26 06:07:18,815 - Knowledge - INFO - knowledge worker kw1 start
2025-11-26 06:07:18,834 - Knowledge - INFO - Saving knowledge to Redis...
2025-11-26 06:07:19,160 - Knowledge - INFO - Knowledge saved to Redis successfully
